[
	'class' => 'issuedinvoices',
	'fulltext' => 'FVT-1/2020',
	'select' => [
		'id',
		[
			'name' => 'rows',
			'value' => [
				'field' => 'rows',
				'query' => [
					'select' => [['name' => 'storecardName', 'value' => 'storecard_id.name']],
				],
			],
		],
		[
			'name' => 'firm_id',
			'value' => [
				'field' => 'firm_id',
				'query' => ['select' => [['name' => 'firm_name', 'value' => 'name']]],
			],
		],
	],
]
